// Jest Snapshot v1, https://goo.gl/fbAQLP

exports[`render without crashing 1`] = `
<div
  className="App"
  data-test="container"
  title="jgchen"
>
  hello world !
</div>
`;
